// Jest Snapshot v1, https://goo.gl/fbAQLP

exports[`themr creates a decorated React component 1`] = `
<BaseComponent
  theme={Object {}}
/>
`;

exports[`themr creates a decorated React component that can accept \`theme\` props with CSS property-value objects 1`] = `
<BaseComponent
  theme={
    Object {
      "root": "css-ux9s12-root",
    }
  }
/>
`;
